[16:22:27.360] INFO:  
╔════════════════════════════════════════════════════════════╗
║ API REQUEST                                                ║
╠════════════════════════════════════════════════════════════╣
  URL:         (DELETE) http://localhost:8443/announcements/1111?EntityCode=784324630431
  Status:      404 Not Found
  Headers:     {
                 "date": "Thu, 17 Sep 2026 21:22:28 GMT",
                 "content-type": "application/json; charset=utf-8",
                 "transfer-encoding": "chunked",
                 "connection": "keep-alive",
                 "server": "Kestrel",
                 "x-trace-id": "59c2c25162947ce7b4979c1877664119"
               }
  Body:        {
                 "error": {
                   "type": "NOT_FOUND",
                   "code": "HTTP.NOT_FOUND",
                   "message": "Announcement with id '1111' was not found.",
                   "details": []
                 },
                 "statusCode": 404
               }
╚════════════════════════════════════════════════════════════╝
    
        3
                   ],
                   "programs": [
                     {
                       "code": "1331",
                       "name": ""
                     }
                   ],
                   "grades": [],
                   "startDate": null,
                   "endDate": null,
                   "campusSchedules": [],
                   "isActive": true,
                   "createdAt": "2026-09-17T21:22:28.0966737Z",
                   "updatedAt": null,
                   "period": {
                     "id": 21,
                     "name": ""
                   }
                 },
                 "statusCode": 201
               }
╚════════════════════════════════════════════════════════════╝
    
[16:22:27.646] INFO:  
╔════════════════════════════════════════════════════════════╗
║ API REQUEST                                                ║
╠════════════════════════════════════════════════════════════╣
  URL:         (DELETE) http://localhost:8443/announcements/245?EntityCode=784324630431
  Status:      204 No Content
  Headers:     {
                 "date": "Thu, 17 Sep 2026 21:22:28 GMT",
                 "connection": "keep-alive",
                 "server": "Kestrel",
                 "x-trace-id": "34788f9181351d41f22d14a385f2d6cb"
               }
  Body:        
╚════════════════════════════════════════════════════════════╝
    
[16:22:27.745] INFO:  
╔════════════════════════════════════════════════════════════╗
║ API REQUEST                                                ║
╠════════════════════════════════════════════════════════════╣
  URL:         (DELETE) http://localhost:8443/announcements/245?EntityCode=784324630431
  Status:      404 Not Found
  Headers:     {
                 "date": "Thu, 17 Sep 2026 21:22:28 GMT",
                 "content-type": "application/json; charset=utf-8",
                 "transfer-encoding": "chunked",
                 "connection": "keep-alive",
                 "server": "Kestrel",
                 "x-trace-id": "09c59907968937f1d84067e663c2f060"
               }
  Body:        {
                 "error": {
                   "type": "NOT_FOUND",
                   "code": "HTTP.NOT_FOUND",
                   "message": "Announcement with id '245' was not found.",
                   "details": []
                 },
                 "statusCode": 404
               }
╚════════════════════════════════════════════════════════════╝
    
